--- Sent at: 2026-08-09 12:06:41 ---
To: nithidharan024@gmail.com
Subject: Welcome to ProjectPulse - Your Account Details
Body:
Hi RAJESH,

Your ProjectPulse employee account has been activated.
Please log in using the following credentials:

Username/Email: nithidharan024@gmail.com
Initial Password: Pulse@4dd996

Best regards,
ProjectPulse Team
==================================================

--- Sent at: 2026-08-09 12:07:10 ---
To: nithidharan024@gmail.com
Subject: Test Subject
Body:
Test Body
==================================================

--- Sent at: 2026-08-09 12:09:58 ---
To: test_emp99@gmail.com
Subject: Welcome to ProjectPulse - Your Account Details
Body:
Hi Test Employee,

Your ProjectPulse employee account has been activated.
Please log in using the following credentials:

Username/Email: test_emp99@gmail.com
Initial Password: Pulse@3f808c

Best regards,
ProjectPulse Team
==================================================

--- Sent at: 2026-08-09 12:13:02 ---
To: nithidharan24@gmail.com
Subject: Welcome to ProjectPulse - Your Account Details
Body:
Hi RAJESH K,

Your ProjectPulse employee account has been activated.
Please log in using the following credentials:

Username/Email: nithidharan24@gmail.com
Initial Password: Pulse@58737a

Best regards,
ProjectPulse Team
==================================================

